; Outputing an instance:
; 68 794 341 
; Outputing an instance:
; 68 794 -341 
; Outputing an instance:
; 68 -794 788 
; Outputing an instance:
; 68 -794 -788 
; Outputing an instance:
; -68 791 785 
; Outputing an instance:
; -68 791 -785 
; Outputing an instance:
; -68 -791 1477 
; Outputing an instance:
; -68 -791 -1477 
unknown
