; Outputing an instance:
; -68 1095 -1078 
; Outputing an instance:
; -68 1095 1078 
; Outputing an instance:
; -68 -1095 -1078 
; Outputing an instance:
; -68 -1095 1078 
; Outputing an instance:
; 68 -790 -1078 
; Outputing an instance:
; 68 -790 1078 
; Outputing an instance:
; 68 790 -1078 
; Outputing an instance:
; 68 790 1078 
unknown
