sat
unsat
sat
unsat
(error "check status which says sat")
