sat
(
  (define-fun x528 () x87
    (as @2 x87))
  (define-fun x3 () x91
    (as @d6 x91))
  (define-fun x43 () Bool
    true)
  (define-fun x72 () Bool
    true)
  (define-fun x558 () Bool
    true)
  (define-fun x177 () Bool
    true)
  (define-fun x390 () x314
    (as @6 x314))
  (define-fun x494 () x87
    (as @2 x87))
  (define-fun x173 () x87
    (as @d3 x87))
  (define-fun x228 () x87
    (as @d3 x87))
  (define-fun x367 () Bool
    true)
  (define-fun x270 () Bool
    true)
  (define-fun x167 () Bool
    false)
  (define-fun x122 () x87
    (as @2 x87))
  (define-fun x521 () Bool
    true)
  (define-fun x142 () x87
    (as @2 x87))
  (define-fun x355 () Bool
    false)
  (define-fun x335 () Bool
    true)
  (define-fun x103 () x87
    (as @2 x87))
  (define-fun x269 () Bool
    true)
  (define-fun x145 () Bool
    false)
  (define-fun x266 () x87
    (as @2 x87))
  (define-fun x117 () Bool
    true)
  (define-fun x547 () Bool
    true)
  (define-fun x402 () x87
    (as @2 x87))
  (define-fun x511 () Bool
    false)
  (define-fun x101 () Bool
    true)
  (define-fun x4 () Bool
    true)
  (define-fun x424 () Bool
    true)
  (define-fun x618 () Bool
    false)
  (define-fun x115 () Bool
    true)
  (define-fun x206 () Bool
    true)
  (define-fun x292 () Bool
    true)
  (define-fun x51 () Bool
    false)
  (define-fun x485 () Bool
    false)
  (define-fun x354 () x87
    (as @2 x87))
  (define-fun x576 () x87
    (as @2 x87))
  (define-fun x7 () Bool
    true)
  (define-fun x325 () x87
    (as @2 x87))
  (define-fun x208 () Bool
    true)
  (define-fun x73 () x87
    (as @2 x87))
  (define-fun x286 () Bool
    false)
  (define-fun x119 () Bool
    false)
  (define-fun x172 () x91
    (as @11 x91))
  (define-fun x121 () x91
    (as @d6 x91))
  (define-fun x277 () Bool
    true)
  (define-fun x171 () Bool
    true)
  (define-fun x284 () Bool
    false)
  (define-fun x227 () x87
    (as @2 x87))
  (define-fun x589 () Bool
    true)
  (define-fun x254 () Bool
    true)
  (define-fun x18 () Bool
    true)
  (define-fun x169 () x87
    (as @2 x87))
  (define-fun x107 () Bool
    false)
  (define-fun x412 () Bool
    true)
  (define-fun x379 () Bool
    true)
  (define-fun x366 () Bool
    false)
  (define-fun x242 () Bool
    false)
  (define-fun x90 () Bool
    false)
  (define-fun x74 () x623
    (as @7 x623))
  (define-fun x344 () Bool
    false)
  (define-fun x523 () Bool
    false)
  (define-fun x445 () Bool
    false)
  (define-fun x491 () Bool
    false)
  (define-fun x23 () Bool
    false)
  (define-fun x438 () Bool
    true)
  (define-fun x519 () x87
    (as @2 x87))
  (define-fun x609 () x87
    (as @2 x87))
  (define-fun x225 () Bool
    true)
  (define-fun x162 () Bool
    true)
  (define-fun x318 () Bool
    false)
  (define-fun x592 () x87
    (as @2 x87))
  (define-fun x97 () x87
    (as @2 x87))
  (define-fun x475 () Bool
    true)
  (define-fun x461 () Bool
    true)
  (define-fun x608 () Bool
    true)
  (define-fun x410 () x87
    (as @2 x87))
  (define-fun x253 () x87
    (as @2 x87))
  (define-fun x49 () Bool
    false)
  (define-fun x201 () Bool
    true)
  (define-fun x541 () x87
    (as @d3 x87))
  (define-fun x516 () Bool
    true)
  (define-fun x30 () x623
    (as @d2 x623))
  (define-fun x153 () x91
    (as @d6 x91))
  (define-fun x596 () Bool
    true)
  (define-fun x559 () Bool
    false)
  (define-fun x351 () Bool
    true)
  (define-fun x252 () Bool
    true)
  (define-fun x245 () Bool
    false)
  (define-fun x376 () Bool
    false)
  (define-fun x346 () Bool
    false)
  (define-fun x503 () x87
    (as @d3 x87))
  (define-fun x514 () Bool
    true)
  (define-fun x221 () Bool
    true)
  (define-fun x33 () Bool
    false)
  (define-fun x32 ((r6 Bool) (r7 x314)) x91
    (ite r6 (ite (= (as @6 x314) r7) (as @5 x91) (as @d6 x91)) (ite (not r6) (ite (= (as @6 x314) r7) (as @11 x91) (as @d6 x91)) (as @d6 x91))))
  (define-fun x602 () Bool
    true)
  (define-fun x70 () Bool
    true)
  (define-fun x386 () x87
    (as @2 x87))
  (define-fun x59 () Bool
    true)
  (define-fun x385 () Bool
    false)
  (define-fun x463 () x87
    (as @d3 x87))
  (define-fun x189 () Bool
    true)
  (define-fun x329 () x87
    (as @2 x87))
  (define-fun x411 () x87
    (as @2 x87))
  (define-fun x317 () Bool
    true)
  (define-fun x423 () x87
    (as @2 x87))
  (define-fun x136 () x91
    (as @12 x91))
  (define-fun x450 () Bool
    true)
  (define-fun x197 () x623
    (as @7 x623))
  (define-fun x405 () x623
    (as @7 x623))
  (define-fun x406 () x87
    (as @2 x87))
  (define-fun x19 () x87
    (as @2 x87))
  (define-fun x244 () Bool
    true)
  (define-fun x474 () x623
    (as @7 x623))
  (define-fun x159 () x87
    (as @2 x87))
  (define-fun x65 () x87
    (as @2 x87))
  (define-fun x63 () x87
    (as @d3 x87))
  (define-fun x614 () x87
    (as @2 x87))
  (define-fun x260 () Bool
    true)
  (define-fun x223 () Bool
    true)
  (define-fun x230 () Bool
    true)
  (define-fun x470 () x87
    (as @2 x87))
  (define-fun x100 () x87
    (as @d3 x87))
  (define-fun x582 () Bool
    false)
  (define-fun x293 () Bool
    false)
  (define-fun x456 () Bool
    true)
  (define-fun x285 () Bool
    false)
  (define-fun x25 () Bool
    false)
  (define-fun x279 () Bool
    true)
  (define-fun x80 () Bool
    true)
  (define-fun x194 () Bool
    true)
  (define-fun x331 () Bool
    true)
  (define-fun x214 () Bool
    false)
  (define-fun x66 () x87
    (as @2 x87))
  (define-fun x322 () Bool
    false)
  (define-fun x239 () x87
    (as @d3 x87))
  (define-fun x436 () Bool
    true)
  (define-fun x123 ((r16 x87)) Bool
    (ite (= (as @2 x87) r16) false true))
  (define-fun x447 () Bool
    true)
  (define-fun x301 () Bool
    true)
  (define-fun x377 () x87
    (as @d3 x87))
  (define-fun x396 () Bool
    true)
  (define-fun x190 () Bool
    false)
  (define-fun x448 () Bool
    false)
  (define-fun x536 ((r9 x91)) x87
    (ite (= (as @3 x91) r9) (as @2 x87) (ite (= r9 (as @10 x91)) (as @2 x87) (as @d3 x87))))
  (define-fun x257 () Bool
    false)
  (define-fun x88 () x87
    (as @2 x87))
  (define-fun x349 ((r0 Bool) (r1 Bool) (r2 Bool) (r3 Bool)) x87
    (ite (not r0) (ite (not r1) (ite (not r2) (ite (not r3) (as @2 x87) (as @d3 x87)) (as @d3 x87)) (as @d3 x87)) (as @d3 x87)))
  (define-fun x383 () Bool
    true)
  (define-fun x426 () x87
    (as @d3 x87))
  (define-fun x186 () Bool
    true)
  (define-fun x319 () x87
    (as @2 x87))
  (define-fun x512 () Bool
    false)
  (define-fun x625 () Bool
    true)
  (define-fun x544 () Bool
    false)
  (define-fun x92 () x87
    (as @2 x87))
  (define-fun x141 () Bool
    true)
  (define-fun x587 () Bool
    true)
  (define-fun x193 () Bool
    true)
  (define-fun x60 () Bool
    true)
  (define-fun x408 () x87
    (as @2 x87))
  (define-fun x509 () x87
    (as @d3 x87))
  (define-fun x452 () Bool
    true)
  (define-fun x590 () Bool
    true)
  (define-fun x508 () Bool
    false)
  (define-fun x481 () Bool
    true)
  (define-fun x358 () Bool
    true)
  (define-fun x289 () Bool
    false)
  (define-fun x154 () Bool
    true)
  (define-fun x320 () Bool
    true)
  (define-fun x524 () x87
    (as @2 x87))
  (define-fun x281 () Bool
    false)
  (define-fun x21 () x623
    (as @7 x623))
  (define-fun x583 () Bool
    true)
  (define-fun x517 () x87
    (as @d3 x87))
  (define-fun x422 () Bool
    true)
  (define-fun x287 () Bool
    true)
  (define-fun x35 () Bool
    false)
  (define-fun x327 () Bool
    true)
  (define-fun x297 () Bool
    true)
  (define-fun x108 () Bool
    true)
  (define-fun x232 () Bool
    true)
  (define-fun x472 () Bool
    true)
  (define-fun x394 () x623
    (as @16 x623))
  (define-fun x231 () x87
    (as @d3 x87))
  (define-fun x378 () x87
    (as @2 x87))
  (define-fun x240 () Bool
    false)
  (define-fun x392 () Bool
    false)
  (define-fun x343 ((r18 x87)) Bool
    (ite (= (as @2 x87) r18) false true))
  (define-fun x132 () Bool
    true)
  (define-fun x71 () Bool
    true)
  (define-fun x16 ((r13 x91) (r14 x91)) x91
    (ite (= (as @4 x91) r13) (ite (= (as @5 x91) r14) (as @10 x91) (as @d6 x91)) (as @d6 x91)))
  (define-fun x566 () Bool
    true)
  (define-fun x460 () Bool
    false)
  (define-fun x604 () x87
    (as @9 x87))
  (define-fun x174 () Bool
    true)
  (define-fun x380 () x87
    (as @d3 x87))
  (define-fun x238 () Bool
    false)
  (define-fun x191 () x87
    (as @d3 x87))
  (define-fun x140 () Bool
    true)
  (define-fun x573 () Bool
    false)
  (define-fun x77 () Bool
    false)
  (define-fun x311 () x91
    (as @d6 x91))
  (define-fun x243 () Bool
    true)
  (define-fun x520 () Bool
    false)
  (define-fun x246 () Bool
    false)
  (define-fun x295 () x434
    (as @8 x434))
  (define-fun x571 () Bool
    true)
  (define-fun x104 () Bool
    false)
  (define-fun x549 () x87
    (as @2 x87))
  (define-fun x294 () x87
    (as @2 x87))
  (define-fun x155 () x623
    (as @24 x623))
  (define-fun x217 () Bool
    true)
  (define-fun x554 () Bool
    false)
  (define-fun x275 () Bool
    false)
  (define-fun x151 () Bool
    true)
  (define-fun x624 () x623
    (as @7 x623))
  (define-fun x345 () Bool
    true)
  (define-fun x352 () x87
    (as @d3 x87))
  (define-fun x82 () Bool
    false)
  (define-fun x163 () Bool
    false)
  (define-fun x58 () Bool
    true)
  (define-fun x120 () Bool
    true)
  (define-fun x112 () x87
    (as @d3 x87))
  (define-fun x348 () x87
    (as @2 x87))
  (define-fun x102 () Bool
    true)
  (define-fun x626 () Bool
    false)
  (define-fun x106 () Bool
    true)
  (define-fun x371 () Bool
    false)
  (define-fun x14 () Bool
    false)
  (define-fun x52 () Bool
    false)
  (define-fun x338 () x87
    (as @2 x87))
  (define-fun x83 () x87
    (as @2 x87))
  (define-fun x409 () Bool
    false)
  (define-fun x543 () Bool
    true)
  (define-fun x555 () Bool
    false)
  (define-fun x425 () Bool
    true)
  (define-fun x363 () x87
    (as @d3 x87))
  (define-fun x457 () Bool
    false)
  (define-fun x50 () x87
    (as @d3 x87))
  (define-fun x57 () Bool
    true)
  (define-fun x552 () Bool
    false)
  (define-fun x234 () x87
    (as @d3 x87))
  (define-fun x530 () Bool
    true)
  (define-fun x476 () Bool
    true)
  (define-fun x482 () Bool
    false)
  (define-fun x137 () Bool
    false)
  (define-fun x567 () x623
    (as @15 x623))
  (define-fun x118 () x87
    (as @2 x87))
  (define-fun x432 () Bool
    false)
  (define-fun x347 () Bool
    true)
  (define-fun x218 () Bool
    true)
  (define-fun x353 () Bool
    false)
  (define-fun x572 () x623
    (as @7 x623))
  (define-fun x595 () x87
    (as @2 x87))
  (define-fun x621 () Bool
    false)
  (define-fun x477 ((r21 x623)) Bool
    true)
  (define-fun x326 () Bool
    true)
  (define-fun x149 () Bool
    false)
  (define-fun x357 () Bool
    false)
  (define-fun x41 () Bool
    true)
  (define-fun x36 () Bool
    true)
  (define-fun x288 () Bool
    true)
  (define-fun x69 () x87
    (as @d3 x87))
  (define-fun x492 () x87
    (as @d3 x87))
  (define-fun x464 () Bool
    false)
  (define-fun x259 () Bool
    true)
  (define-fun x45 () Bool
    true)
  (define-fun x414 () Bool
    true)
  (define-fun x557 () x87
    (as @d3 x87))
  (define-fun x6 () Bool
    false)
  (define-fun x610 () Bool
    false)
  (define-fun x330 () Bool
    true)
  (define-fun x308 () Bool
    false)
  (define-fun x94 () x87
    (as @d3 x87))
  (define-fun x598 () Bool
    true)
  (define-fun x203 () x87
    (as @d3 x87))
  (define-fun x607 () Bool
    false)
  (define-fun x160 () x87
    (as @d3 x87))
  (define-fun x370 () x87
    (as @d3 x87))
  (define-fun x630 () x87
    (as @d3 x87))
  (define-fun x373 () x91
    (as @3 x91))
  (define-fun x158 () Bool
    true)
  (define-fun x375 () x87
    (as @2 x87))
  (define-fun x418 () Bool
    true)
  (define-fun x44 () x87
    (as @2 x87))
  (define-fun x114 () Bool
    true)
  (define-fun x493 () x87
    (as @d3 x87))
  (define-fun x416 () Bool
    false)
  (define-fun x130 () x91
    (as @d6 x91))
  (define-fun x471 () x91
    (as @4 x91))
  (define-fun x184 () Bool
    true)
  (define-fun x591 () Bool
    false)
  (define-fun x593 () x87
    (as @2 x87))
  (define-fun x467 () Bool
    false)
  (define-fun x274 () Bool
    true)
  (define-fun x204 () x87
    (as @d3 x87))
  (define-fun x562 () Bool
    true)
  (define-fun x185 () Bool
    true)
  (define-fun x489 () Bool
    false)
  (define-fun x579 () Bool
    true)
  (define-fun x168 () Bool
    true)
  (define-fun x307 () Bool
    true)
  (define-fun x215 () Bool
    true)
  (define-fun x180 () Bool
    true)
  (define-fun x54 () x87
    (as @2 x87))
  (define-fun x199 () Bool
    true)
  (define-fun x125 () Bool
    false)
  (define-fun x585 () Bool
    true)
  (define-fun x165 () x87
    (as @2 x87))
  (define-fun x328 () x87
    (as @d3 x87))
  (define-fun x401 () x87
    (as @d3 x87))
  (define-fun x611 () x87
    (as @2 x87))
  (define-fun x526 () Bool
    true)
  (define-fun x134 () Bool
    true)
  (define-fun x407 () x87
    (as @d3 x87))
  (define-fun x486 () x87
    (as @2 x87))
  (define-fun x313 () Bool
    true)
  (define-fun x164 () Bool
    true)
  (define-fun x105 () x87
    (as @d3 x87))
  (define-fun x616 () Bool
    true)
  (define-fun x507 () Bool
    true)
  (define-fun x542 () Bool
    false)
  (define-fun x480 () Bool
    false)
  (define-fun x220 () Bool
    true)
  (define-fun x545 () Bool
    false)
  (define-fun x527 () Bool
    false)
  (define-fun x324 () Bool
    false)
  (define-fun x247 () x91
    (as @5 x91))
  (define-fun x302 () Bool
    true)
  (define-fun x305 () x623
    (as @17 x623))
  (define-fun x200 () Bool
    false)
  (define-fun x262 () x623
    (as @7 x623))
  (define-fun x38 () x87
    (as @d3 x87))
  (define-fun x249 () Bool
    true)
  (define-fun x127 () x91
    (as @5 x91))
  (define-fun x213 () Bool
    true)
  (define-fun x212 () Bool
    false)
  (define-fun x483 () Bool
    false)
  (define-fun x315 ((r19 x623)) Bool
    true)
  (define-fun x85 () Bool
    true)
  (define-fun x513 () Bool
    true)
  (define-fun x135 () Bool
    true)
  (define-fun x304 ((r20 x623)) Bool
    true)
  (define-fun x278 () x87
    (as @2 x87))
  (define-fun x316 () Bool
    false)
  (define-fun x578 () x87
    (as @2 x87))
  (define-fun x116 ((r10 x87) (r11 x434)) x91
    (ite (= (as @2 x87) r10) (ite (= (as @8 x434) r11) (as @4 x91) (as @d6 x91)) (as @d6 x91)))
  (define-fun x574 () Bool
    true)
  (define-fun x157 () x87
    (as @d3 x87))
  (define-fun x374 () Bool
    true)
  (define-fun x539 () Bool
    true)
  (define-fun x506 () Bool
    false)
  (define-fun x291 () x87
    (as @d3 x87))
  (define-fun x96 () Bool
    true)
  (define-fun x271 () Bool
    false)
  (define-fun x462 () Bool
    true)
  (define-fun x451 () Bool
    true)
  (define-fun x258 () x87
    (as @2 x87))
  (define-fun x569 () x623
    (as @7 x623))
  (define-fun x449 () Bool
    true)
  (define-fun x64 () x87
    (as @2 x87))
  (define-fun x446 () Bool
    false)
  (define-fun x455 () Bool
    true)
  (define-fun x356 () x87
    (as @d3 x87))
  (define-fun x546 () Bool
    true)
  (define-fun x387 () Bool
    false)
  (define-fun x384 () x91
    (as @4 x91))
  (define-fun x276 () x87
    (as @2 x87))
  (define-fun x12 () Bool
    true)
  (define-fun x437 () Bool
    true)
  (define-fun x431 () Bool
    false)
  (define-fun x442 () Bool
    false)
  (define-fun x522 () Bool
    false)
  (define-fun x84 () Bool
    true)
  (define-fun x584 () Bool
    false)
  (define-fun x532 () Bool
    false)
  (define-fun x300 () Bool
    true)
  (define-fun x26 () Bool
    true)
  (define-fun x68 () Bool
    true)
  (define-fun x22 () x87
    (as @2 x87))
  (define-fun x597 () Bool
    true)
  (define-fun x268 () Bool
    false)
  (define-fun x55 () Bool
    true)
  (define-fun x233 () Bool
    false)
  (define-fun x42 () x91
    (as @d6 x91))
  (define-fun x468 () Bool
    true)
  (define-fun x333 () Bool
    true)
  (define-fun x9 () Bool
    true)
  (define-fun x40 () x87
    (as @d3 x87))
  (define-fun x48 () x87
    (as @2 x87))
  (define-fun x553 () Bool
    true)
  (define-fun x581 () Bool
    true)
  (define-fun x459 () Bool
    false)
  (define-fun x500 () Bool
    true)
  (define-fun x615 () Bool
    true)
  (define-fun x95 () Bool
    true)
  (define-fun x428 () Bool
    true)
  (define-fun x273 () x87
    (as @2 x87))
  (define-fun x568 () x87
    (as @2 x87))
  (define-fun x34 () Bool
    false)
  (define-fun x144 () Bool
    true)
  (define-fun x510 () x91
    (as @4 x91))
  (define-fun x156 () x87
    (as @2 x87))
  (define-fun x613 () x87
    (as @9 x87))
  (define-fun x496 () x87
    (as @2 x87))
  (define-fun x499 () x87
    (as @d3 x87))
  (define-fun x126 () Bool
    false)
  (define-fun x393 () Bool
    true)
  (define-fun x599 () Bool
    true)
  (define-fun x237 () x623
    (as @18 x623))
  (define-fun x603 () Bool
    true)
  (define-fun x229 () Bool
    true)
  (define-fun x62 () Bool
    false)
  (define-fun x359 () Bool
    false)
  (define-fun x29 () x87
    (as @2 x87))
  (define-fun x176 () x623
    (as @d2 x623))
  (define-fun x478 () Bool
    false)
  (define-fun x601 () Bool
    false)
  (define-fun x27 () Bool
    false)
  (define-fun x473 () Bool
    false)
  (define-fun x441 () Bool
    true)
  (define-fun x575 () Bool
    true)
  (define-fun x166 () Bool
    true)
  (define-fun x139 () Bool
    true)
  (define-fun x28 () Bool
    false)
  (define-fun x148 () Bool
    true)
  (define-fun x109 () x87
    (as @d3 x87))
  (define-fun x143 () Bool
    false)
  (define-fun x600 ((r15 x87)) Bool
    (ite (= (as @2 x87) r15) false true))
  (define-fun x138 () x91
    (as @d6 x91))
  (define-fun x216 () x87
    (as @21 x87))
  (define-fun x443 () Bool
    false)
  (define-fun x556 () Bool
    true)
  (define-fun x404 () Bool
    true)
  (define-fun x629 () Bool
    true)
  (define-fun x321 () x87
    (as @2 x87))
  (define-fun x518 () Bool
    true)
  (define-fun x336 () Bool
    false)
  (define-fun x24 () Bool
    true)
  (define-fun x364 () Bool
    false)
  (define-fun x341 () Bool
    false)
  (define-fun x192 () Bool
    false)
  (define-fun x498 () Bool
    false)
  (define-fun x525 () Bool
    false)
  (define-fun x430 () Bool
    true)
  (define-fun x444 () Bool
    true)
  (define-fun x535 () Bool
    true)
  (define-fun x161 () Bool
    true)
  (define-fun x534 () x91
    (as @d6 x91))
  (define-fun x400 () Bool
    true)
  (define-fun x413 () Bool
    false)
  (define-fun x210 () Bool
    true)
  (define-fun x86 () Bool
    true)
  (define-fun x261 () Bool
    true)
  (define-fun x495 () x87
    (as @2 x87))
  (define-fun x182 () x87
    (as @d3 x87))
  (define-fun x226 () Bool
    false)
  (define-fun x81 () Bool
    true)
  (define-fun x622 () x623
    (as @d2 x623))
  (define-fun x435 () Bool
    false)
  (define-fun x256 () x87
    (as @d3 x87))
  (define-fun x310 () Bool
    true)
  (define-fun x146 () Bool
    true)
  (define-fun x627 () Bool
    true)
  (define-fun x37 () x87
    (as @2 x87))
  (define-fun x421 () Bool
    true)
  (define-fun x241 () Bool
    true)
  (define-fun x399 () Bool
    true)
  (define-fun x113 () Bool
    false)
  (define-fun x179 () x87
    (as @d3 x87))
  (define-fun x619 () Bool
    true)
  (define-fun x565 () x91
    (as @3 x91))
  (define-fun x479 () Bool
    true)
  (define-fun x395 () x87
    (as @d3 x87))
  (define-fun x296 () Bool
    true)
  (define-fun x17 () Bool
    false)
  (define-fun x398 () x87
    (as @2 x87))
  (define-fun x181 () x87
    (as @2 x87))
  (define-fun x502 () Bool
    true)
  (define-fun x490 () Bool
    true)
  (define-fun x505 () Bool
    true)
  (define-fun x488 () Bool
    false)
  (define-fun x339 () Bool
    true)
  (define-fun x76 ((r17 x87)) Bool
    (ite (= (as @2 x87) r17) false true))
  (define-fun x133 () Bool
    true)
  (define-fun x202 () Bool
    false)
  (define-fun x588 () x87
    (as @d3 x87))
  (define-fun x56 () x87
    (as @2 x87))
  (define-fun x235 () Bool
    false)
  (define-fun x564 () Bool
    true)
  (define-fun x538 () Bool
    true)
  (define-fun x78 () Bool
    false)
  (define-fun x47 () x87
    (as @d3 x87))
  (define-fun x560 () x87
    (as @2 x87))
  (define-fun x99 () Bool
    false)
  (define-fun x550 () x87
    (as @2 x87))
  (define-fun x150 () x87
    (as @d3 x87))
  (define-fun x439 () Bool
    true)
  (define-fun x196 () Bool
    false)
  (define-fun x299 () Bool
    false)
  (define-fun x1 () Bool
    true)
  (define-fun x466 () Bool
    true)
  (define-fun x531 () Bool
    true)
  (define-fun x620 () Bool
    false)
  (define-fun x403 () Bool
    true)
  (define-fun x487 () Bool
    false)
  (define-fun x303 () Bool
    false)
  (define-fun x129 () x87
    (as @2 x87))
  (define-fun x211 () Bool
    false)
  (define-fun x53 () x87
    (as @2 x87))
  (define-fun x533 () x87
    (as @2 x87))
  (define-fun x11 () Bool
    true)
  (define-fun x67 () Bool
    false)
  (define-fun x312 () x91
    (as @3 x91))
  (define-fun x10 () Bool
    true)
  (define-fun x207 () Bool
    true)
  (define-fun x183 () Bool
    true)
  (define-fun x440 () x91
    (as @4 x91))
  (define-fun x5 () x87
    (as @d3 x87))
  (define-fun x350 () Bool
    false)
  (define-fun x250 () Bool
    true)
  (define-fun x219 () x87
    (as @d3 x87))
  (define-fun x222 () Bool
    true)
  (define-fun x537 () x623
    (as @7 x623))
  (define-fun x628 () x87
    (as @2 x87))
  (define-fun x484 () x87
    (as @2 x87))
  (define-fun x389 () Bool
    false)
  (define-fun x469 () Bool
    false)
  (define-fun x205 () Bool
    true)
  (define-fun x497 () Bool
    true)
  (define-fun x323 () Bool
    false)
  (define-fun x39 () Bool
    false)
  (define-fun x188 () Bool
    true)
  (define-fun x504 () Bool
    true)
  (define-fun x298 () Bool
    false)
  (define-fun x111 ((r4 x91) (r5 x91)) x91
    (ite (= (as @4 x91) r4) (ite (= (as @5 x91) r5) (as @3 x91) (as @d6 x91)) (as @d6 x91)))
  (define-fun x454 () Bool
    false)
  (define-fun x98 () Bool
    true)
  (define-fun x334 () x87
    (as @2 x87))
  (define-fun x152 () x87
    (as @2 x87))
  (define-fun x20 () x87
    (as @2 x87))
  (define-fun x283 () Bool
    true)
  (define-fun x187 () Bool
    true)
  (define-fun x290 ((r12 x91)) x623
    (ite (= (as @3 x91) r12) (as @7 x623) (as @d2 x623)))
  (define-fun x391 () Bool
    true)
  (define-fun x8 () Bool
    false)
  (define-fun x15 () Bool
    false)
  (define-fun x540 () Bool
    false)
  (define-fun x368 () Bool
    true)
  (define-fun x264 () Bool
    false)
  (define-fun x124 () Bool
    true)
  (define-fun x548 ((r8 x87)) x623
    (ite (= (as @2 x87) r8) (as @7 x623) (as @d2 x623)))
  (define-fun x170 () Bool
    false)
  (define-fun x306 () x87
    (as @d3 x87))
  (define-fun x251 () Bool
    false)
  (define-fun x605 () Bool
    true)
  (define-fun x31 () Bool
    true)
  (define-fun x147 () Bool
    true)
  (define-fun x282 () x87
    (as @2 x87))
  (define-fun x612 () Bool
    false)
  (define-fun x420 () x91
    (as @10 x91))
  (define-fun x248 () Bool
    true)
  (define-fun x594 () Bool
    true)
  (define-fun x224 () Bool
    false)
  (define-fun x89 () Bool
    true)
  (define-fun x255 () Bool
    false)
  (define-fun x381 () Bool
    true)
  (define-fun x267 () x87
    (as @d3 x87))
  (define-fun x563 () Bool
    true)
  (define-fun x433 () Bool
    false)
  (define-fun x570 () Bool
    true)
  (define-fun x46 () x87
    (as @2 x87))
  (define-fun x529 () Bool
    true)
  (define-fun x337 () Bool
    true)
  (define-fun x577 () Bool
    true)
  (define-fun x272 () Bool
    false)
  (define-fun x586 () Bool
    true)
  (define-fun x415 () x87
    (as @2 x87))
  (define-fun x419 () Bool
    true)
  (define-fun x617 () Bool
    true)
  (define-fun x93 () x87
    (as @2 x87))
  (define-fun x397 () Bool
    true)
  (define-fun x175 () Bool
    false)
  (define-fun x195 () Bool
    true)
  (define-fun x501 () Bool
    true)
  (define-fun x342 () x87
    (as @2 x87))
  (define-fun x309 () Bool
    true)
  (define-fun x382 () Bool
    false)
  (define-fun x263 () Bool
    false)
  (define-fun x265 () Bool
    true)
  (define-fun x362 () x87
    (as @2 x87))
  (define-fun x429 () x91
    (as @d6 x91))
  (define-fun x79 () Bool
    true)
  (define-fun x551 () x87
    (as @2 x87))
  (define-fun x236 () Bool
    false)
  (define-fun x110 () Bool
    true)
  (define-fun x369 () Bool
    false)
  (define-fun x128 () Bool
    true)
  (define-fun x417 () x87
    (as @2 x87))
  (define-fun x427 () Bool
    true)
  (define-fun x2 () Bool
    false)
  (define-fun x178 () Bool
    true)
  (define-fun x580 () x87
    (as @2 x87))
  (define-fun x361 () Bool
    false)
  (define-fun x365 () Bool
    true)
  (define-fun x458 () Bool
    true)
  (define-fun x131 () Bool
    true)
  (define-fun x209 () x91
    (as @4 x91))
  (define-fun x13 () Bool
    true)
  (define-fun x280 () x87
    (as @d3 x87))
  (define-fun x198 () x91
    (as @d6 x91))
  (define-fun x61 () Bool
    true)
  (define-fun x332 () Bool
    false)
  (define-fun x453 () x87
    (as @2 x87))
  (define-fun x561 () Bool
    true)
  (define-fun x75 () x87
    (as @2 x87))
  (define-fun x606 () Bool
    false)
  (define-fun x465 () Bool
    false)
  (define-fun x340 () x87
    (as @d3 x87))
  (define-fun x515 () Bool
    true)
  (define-fun x360 () x87
    (as @d3 x87))
  (define-fun x372 () Bool
    true)
  (define-fun x388 () Bool
    false)
)
