sat
((spy_n unknown) (goal true) (eggs_after true) (eggs_before true) (oil_after true) (oil_before true) (lard_after true) (lard_before true) (fire_before true))
